8 2 3 4 5 6 7 8 9
3 1 8 9
3 1 5 7
3 1 7 9
5 1 3 6 7 8
3 1 5 8
5 1 3 4 5 9
5 1 2 5 6 9
5 1 2 4 7 8
